// Jest Snapshot v1, https://goo.gl/fbAQLP

exports[`Snapshot testing component Should render correctly 1`] = `
<a
  alt=""
  href="https://shifts.it.wmich.edu"
/>
`;
